// Jest Snapshot v1, https://goo.gl/fbAQLP

exports[`NoteForm NoteForm Component matches the snapshot 1`] = `
<section
  className="NoteForm"
>
  <div
    className="hidden"
  >
    Note successfully added!
  </div>
  <h2>
    Make Note
  </h2>
  <form
    className="nf-form"
    onSubmit={[Function]}
  >
    <TextareaAutosize
      aria-label="Write your note here, in 250 characters or less"
      async={false}
      className="nf-note-text"
      maxLength="250"
      name="text"
      onChange={[Function]}
      onResize={[Function]}
      placeholder="Write your thoughts here..."
      required={true}
      rows={1}
      value=""
      wrap="soft"
    />
    <div
      className="nf-button-group"
    >
      <div
        className="nf-dropdown-group"
      >
        <label
          htmlFor="nf-tags"
        >
          Tag:
        </label>
        <select
          className="nf-dropdown nf-btn"
          id="nf-tags"
          name="tag"
          onChange={[Function]}
        >
          <option
            value="Work"
          >
            Work
          </option>
          <option
            value="Personal"
          >
            Personal
          </option>
          <option
            value="Hobby"
          >
            Hobby
          </option>
        </select>
      </div>
      <button
        className="nf-submit nf-btn"
        disabled={true}
        onClick={[Function]}
        type="submit"
      >
        Make Note
      </button>
    </div>
  </form>
</section>
`;
